// Jest Snapshot v1, https://goo.gl/fbAQLP

exports[`<App> should render correctly 1`] = `
<Provider
  store={
    Object {
      "dispatch": [MockFunction],
      "getState": [MockFunction],
      "replaceReducer": [MockFunction],
      "subscribe": [MockFunction],
    }
  }
>
  <PersistGate
    loading={null}
    persistor={Object {}}
  >
    <Connect(ConnectedRouterWithContext)
      history={
        Object {
          "action": [MockFunction],
          "block": [MockFunction],
          "go": [MockFunction],
          "goBack": [MockFunction],
          "goForward": [MockFunction],
          "length": [MockFunction],
          "listen": [MockFunction],
          "location": [MockFunction],
          "push": [MockFunction],
          "replace": [MockFunction],
        }
      }
    >
      <GlobalStyleComponent />
      <Route
        component={[Function]}
        path="/"
      />
    </Connect(ConnectedRouterWithContext)>
  </PersistGate>
</Provider>
`;
